=== [1/1] 00:10:52  chrome  c1_12  threads=all  runs=30 ===
[chrome] config {"circuit":"c1_12","threads":"all","runs":30,"warmup":5}
[chrome] crossOriginIsolated=true  hardwareConcurrency=4
[chrome] Failed to load resource: the server responded with a status of 403 (Forbidden)
[chrome] worker ready in 217.1 ms
[chrome] fetched zkey (1.6 MB) + wasm in 41.2 ms
[chrome] cold 0/35  witness 84.5 ms  prove 808.5 ms
[chrome] warmup 1/35  witness 20.9 ms  prove 705.7 ms
[chrome] warmup 2/35  witness 44.2 ms  prove 633.7 ms
[chrome] warmup 3/35  witness 22.9 ms  prove 681.3 ms
[chrome] warmup 4/35  witness 19.0 ms  prove 593.6 ms
[chrome] warmup 5/35  witness 18.8 ms  prove 603.3 ms
[chrome] warm 6/35  witness 18.3 ms  prove 596.9 ms
[chrome] warm 7/35  witness 43.2 ms  prove 599.0 ms
[chrome] warm 8/35  witness 21.3 ms  prove 683.6 ms
[chrome] warm 9/35  witness 19.5 ms  prove 595.1 ms
[chrome] warm 10/35  witness 19.7 ms  prove 612.6 ms
[chrome] warm 11/35  witness 20.3 ms  prove 599.4 ms
[chrome] warm 12/35  witness 43.4 ms  prove 584.1 ms
[chrome] warm 13/35  witness 22.1 ms  prove 674.4 ms
[chrome] warm 14/35  witness 41.0 ms  prove 600.7 ms
[chrome] warm 15/35  witness 23.5 ms  prove 677.5 ms
[chrome] warm 16/35  witness 21.0 ms  prove 610.0 ms
[chrome] warm 17/35  witness 44.8 ms  prove 591.9 ms
[chrome] warm 18/35  witness 24.7 ms  prove 691.1 ms
[chrome] warm 19/35  witness 19.7 ms  prove 593.1 ms
[chrome] warm 20/35  witness 19.7 ms  prove 595.9 ms
[chrome] warm 21/35  witness 42.4 ms  prove 581.6 ms
[chrome] warm 22/35  witness 21.5 ms  prove 686.9 ms
[chrome] warm 23/35  witness 25.5 ms  prove 598.9 ms
[chrome] warm 24/35  witness 20.9 ms  prove 613.6 ms
[chrome] warm 25/35  witness 42.6 ms  prove 607.4 ms
[chrome] warm 26/35  witness 28.3 ms  prove 691.5 ms
[chrome] warm 27/35  witness 25.2 ms  prove 599.4 ms
[chrome] warm 28/35  witness 44.0 ms  prove 588.5 ms
[chrome] warm 29/35  witness 23.8 ms  prove 724.5 ms
[chrome] warm 30/35  witness 35.0 ms  prove 653.6 ms
[chrome] warm 31/35  witness 43.4 ms  prove 645.8 ms
[chrome] warm 32/35  witness 30.9 ms  prove 779.5 ms
[chrome] warm 33/35  witness 35.1 ms  prove 794.3 ms
[chrome] warm 34/35  witness 22.2 ms  prove 608.7 ms
[chrome] warm 35/35  witness 18.6 ms  prove 627.5 ms
[chrome] DONE
chrome c1_12 threads=all: 30 warm runs | median total 639.2 ms | median prove 609.3 ms | all proofs verified: true
All done 00:11:50
