=== [1/16] 22:00:44  node  c1_14  threads=1  runs=30 ===
[node c1_14 t=1] cold 0/35  witness 58.3 ms  prove 3972.7 ms
[node c1_14 t=1] warmup 1/35  witness 51.8 ms  prove 3667.9 ms
[node c1_14 t=1] warmup 2/35  witness 53.8 ms  prove 3675.5 ms
[node c1_14 t=1] warmup 3/35  witness 56.1 ms  prove 3667.5 ms
[node c1_14 t=1] warmup 4/35  witness 53.7 ms  prove 3662.6 ms
[node c1_14 t=1] warmup 5/35  witness 58.3 ms  prove 3649.5 ms
[node c1_14 t=1] warm 6/35  witness 53.8 ms  prove 3631.2 ms
[node c1_14 t=1] warm 7/35  witness 59.3 ms  prove 3643.9 ms
[node c1_14 t=1] warm 8/35  witness 57.6 ms  prove 3667.6 ms
[node c1_14 t=1] warm 9/35  witness 57.2 ms  prove 3660.7 ms
[node c1_14 t=1] warm 10/35  witness 58.5 ms  prove 3663.6 ms
[node c1_14 t=1] warm 11/35  witness 52.7 ms  prove 3656.5 ms
[node c1_14 t=1] warm 12/35  witness 57.4 ms  prove 3625.1 ms
[node c1_14 t=1] warm 13/35  witness 53.0 ms  prove 3617.0 ms
[node c1_14 t=1] warm 14/35  witness 52.8 ms  prove 3625.7 ms
[node c1_14 t=1] warm 15/35  witness 53.3 ms  prove 3666.8 ms
[node c1_14 t=1] warm 16/35  witness 57.3 ms  prove 3663.1 ms
[node c1_14 t=1] warm 17/35  witness 53.1 ms  prove 3645.9 ms
[node c1_14 t=1] warm 18/35  witness 59.8 ms  prove 3668.2 ms
[node c1_14 t=1] warm 19/35  witness 63.7 ms  prove 3668.4 ms
[node c1_14 t=1] warm 20/35  witness 57.9 ms  prove 3673.8 ms
[node c1_14 t=1] warm 21/35  witness 58.0 ms  prove 3628.6 ms
[node c1_14 t=1] warm 22/35  witness 53.5 ms  prove 3624.0 ms
[node c1_14 t=1] warm 23/35  witness 59.6 ms  prove 3651.1 ms
[node c1_14 t=1] warm 24/35  witness 64.0 ms  prove 3650.9 ms
[node c1_14 t=1] warm 25/35  witness 64.7 ms  prove 3670.4 ms
[node c1_14 t=1] warm 26/35  witness 57.6 ms  prove 3664.1 ms
[node c1_14 t=1] warm 27/35  witness 60.2 ms  prove 3674.8 ms
[node c1_14 t=1] warm 28/35  witness 57.2 ms  prove 3677.0 ms
[node c1_14 t=1] warm 29/35  witness 57.5 ms  prove 3661.3 ms
[node c1_14 t=1] warm 30/35  witness 55.7 ms  prove 3643.1 ms
[node c1_14 t=1] warm 31/35  witness 53.2 ms  prove 3621.2 ms
[node c1_14 t=1] warm 32/35  witness 53.7 ms  prove 3624.1 ms
[node c1_14 t=1] warm 33/35  witness 57.1 ms  prove 3623.0 ms
[node c1_14 t=1] warm 34/35  witness 57.5 ms  prove 3625.3 ms
[node c1_14 t=1] warm 35/35  witness 52.7 ms  prove 3618.6 ms
node c1_14 threads=1: 30 warm runs | median total 3709.9 ms | median prove 3651.0 ms | all proofs verified: true
=== [2/16] 22:03:29  native  c1_12  threads=all  runs=30 ===
[native c1_12 t=all] cold 0/35  witness 7.9 ms  prove 98.3 ms
[native c1_12 t=all] warmup 1/35  witness 7.2 ms  prove 96.5 ms
[native c1_12 t=all] warmup 2/35  witness 7.8 ms  prove 97.6 ms
[native c1_12 t=all] warmup 3/35  witness 7.3 ms  prove 95.7 ms
[native c1_12 t=all] warmup 4/35  witness 7.1 ms  prove 96.0 ms
[native c1_12 t=all] warmup 5/35  witness 7.9 ms  prove 95.0 ms
[native c1_12 t=all] warm 6/35  witness 7.1 ms  prove 95.8 ms
[native c1_12 t=all] warm 7/35  witness 7.9 ms  prove 97.1 ms
[native c1_12 t=all] warm 8/35  witness 7.5 ms  prove 94.4 ms
[native c1_12 t=all] warm 9/35  witness 7.1 ms  prove 94.5 ms
[native c1_12 t=all] warm 10/35  witness 7.3 ms  prove 96.3 ms
[native c1_12 t=all] warm 11/35  witness 7.1 ms  prove 95.4 ms
[native c1_12 t=all] warm 12/35  witness 7.5 ms  prove 95.5 ms
[native c1_12 t=all] warm 13/35  witness 8.0 ms  prove 98.0 ms
[native c1_12 t=all] warm 14/35  witness 7.0 ms  prove 95.4 ms
[native c1_12 t=all] warm 15/35  witness 7.7 ms  prove 95.0 ms
[native c1_12 t=all] warm 16/35  witness 7.7 ms  prove 95.2 ms
[native c1_12 t=all] warm 17/35  witness 8.0 ms  prove 95.3 ms
[native c1_12 t=all] warm 18/35  witness 7.2 ms  prove 95.3 ms
[native c1_12 t=all] warm 19/35  witness 7.0 ms  prove 96.3 ms
[native c1_12 t=all] warm 20/35  witness 7.4 ms  prove 95.6 ms
[native c1_12 t=all] warm 21/35  witness 7.4 ms  prove 96.4 ms
[native c1_12 t=all] warm 22/35  witness 7.8 ms  prove 97.4 ms
[native c1_12 t=all] warm 23/35  witness 7.8 ms  prove 95.5 ms
[native c1_12 t=all] warm 24/35  witness 7.1 ms  prove 95.4 ms
[native c1_12 t=all] warm 25/35  witness 9.9 ms  prove 97.4 ms
[native c1_12 t=all] warm 26/35  witness 7.3 ms  prove 95.5 ms
[native c1_12 t=all] warm 27/35  witness 7.8 ms  prove 95.6 ms
[native c1_12 t=all] warm 28/35  witness 7.8 ms  prove 95.2 ms
[native c1_12 t=all] warm 29/35  witness 7.1 ms  prove 95.8 ms
[native c1_12 t=all] warm 30/35  witness 7.7 ms  prove 97.1 ms
[native c1_12 t=all] warm 31/35  witness 7.6 ms  prove 95.3 ms
[native c1_12 t=all] warm 32/35  witness 7.5 ms  prove 95.9 ms
[native c1_12 t=all] warm 33/35  witness 8.0 ms  prove 96.0 ms
[native c1_12 t=all] warm 34/35  witness 7.6 ms  prove 95.9 ms
[native c1_12 t=all] warm 35/35  witness 7.3 ms  prove 95.3 ms
native c1_12 threads=all: 30 warm runs | median total 103.0 ms | median prove 95.5 ms | all proofs verified: true
=== [3/16] 22:04:04  native  c1_14  threads=1  runs=30 ===
[native c1_14 t=1] cold 0/35  witness 13.5 ms  prove 722.2 ms
[native c1_14 t=1] warmup 1/35  witness 13.1 ms  prove 722.6 ms
[native c1_14 t=1] warmup 2/35  witness 13.5 ms  prove 720.6 ms
[native c1_14 t=1] warmup 3/35  witness 13.0 ms  prove 721.1 ms
[native c1_14 t=1] warmup 4/35  witness 13.5 ms  prove 722.5 ms
[native c1_14 t=1] warmup 5/35  witness 13.9 ms  prove 721.6 ms
[native c1_14 t=1] warm 6/35  witness 13.5 ms  prove 720.3 ms
[native c1_14 t=1] warm 7/35  witness 13.3 ms  prove 719.2 ms
[native c1_14 t=1] warm 8/35  witness 13.6 ms  prove 720.2 ms
[native c1_14 t=1] warm 9/35  witness 13.7 ms  prove 719.0 ms
[native c1_14 t=1] warm 10/35  witness 13.6 ms  prove 720.0 ms
[native c1_14 t=1] warm 11/35  witness 13.5 ms  prove 721.5 ms
[native c1_14 t=1] warm 12/35  witness 12.9 ms  prove 717.7 ms
[native c1_14 t=1] warm 13/35  witness 13.4 ms  prove 720.3 ms
[native c1_14 t=1] warm 14/35  witness 13.3 ms  prove 719.9 ms
[native c1_14 t=1] warm 15/35  witness 13.0 ms  prove 720.4 ms
[native c1_14 t=1] warm 16/35  witness 13.1 ms  prove 719.1 ms
[native c1_14 t=1] warm 17/35  witness 13.5 ms  prove 720.2 ms
[native c1_14 t=1] warm 18/35  witness 13.9 ms  prove 719.8 ms
[native c1_14 t=1] warm 19/35  witness 13.4 ms  prove 721.5 ms
[native c1_14 t=1] warm 20/35  witness 13.4 ms  prove 719.0 ms
[native c1_14 t=1] warm 21/35  witness 13.8 ms  prove 721.8 ms
[native c1_14 t=1] warm 22/35  witness 15.8 ms  prove 719.0 ms
[native c1_14 t=1] warm 23/35  witness 13.5 ms  prove 721.7 ms
[native c1_14 t=1] warm 24/35  witness 14.5 ms  prove 721.9 ms
[native c1_14 t=1] warm 25/35  witness 13.7 ms  prove 719.1 ms
[native c1_14 t=1] warm 26/35  witness 13.6 ms  prove 722.9 ms
[native c1_14 t=1] warm 27/35  witness 13.9 ms  prove 722.8 ms
[native c1_14 t=1] warm 28/35  witness 13.5 ms  prove 721.8 ms
[native c1_14 t=1] warm 29/35  witness 13.4 ms  prove 721.0 ms
[native c1_14 t=1] warm 30/35  witness 13.7 ms  prove 722.0 ms
[native c1_14 t=1] warm 31/35  witness 13.5 ms  prove 719.9 ms
[native c1_14 t=1] warm 32/35  witness 13.3 ms  prove 718.6 ms
[native c1_14 t=1] warm 33/35  witness 13.3 ms  prove 725.3 ms
[native c1_14 t=1] warm 34/35  witness 13.3 ms  prove 721.9 ms
[native c1_14 t=1] warm 35/35  witness 13.6 ms  prove 719.4 ms
native c1_14 threads=1: 30 warm runs | median total 733.8 ms | median prove 720.3 ms | all proofs verified: true
=== [4/16] 22:05:02  native  c1_18  threads=1  runs=10 ===
[native c1_18 t=1] cold 0/15  witness 131.7 ms  prove 10449.2 ms
[native c1_18 t=1] warmup 1/15  witness 135.2 ms  prove 10457.9 ms
[native c1_18 t=1] warmup 2/15  witness 133.8 ms  prove 10449.5 ms
[native c1_18 t=1] warmup 3/15  witness 132.1 ms  prove 10426.7 ms
[native c1_18 t=1] warmup 4/15  witness 132.6 ms  prove 10441.8 ms
[native c1_18 t=1] warmup 5/15  witness 132.0 ms  prove 10437.7 ms
[native c1_18 t=1] warm 6/15  witness 132.5 ms  prove 10460.3 ms
[native c1_18 t=1] warm 7/15  witness 132.4 ms  prove 10441.5 ms
[native c1_18 t=1] warm 8/15  witness 132.2 ms  prove 10449.6 ms
[native c1_18 t=1] warm 9/15  witness 132.5 ms  prove 10443.1 ms
[native c1_18 t=1] warm 10/15  witness 132.5 ms  prove 10484.4 ms
[native c1_18 t=1] warm 11/15  witness 132.8 ms  prove 10456.8 ms
[native c1_18 t=1] warm 12/15  witness 133.1 ms  prove 10548.9 ms
[native c1_18 t=1] warm 13/15  witness 133.5 ms  prove 10437.4 ms
[native c1_18 t=1] warm 14/15  witness 132.1 ms  prove 10528.1 ms
[native c1_18 t=1] warm 15/15  witness 132.1 ms  prove 10411.5 ms
native c1_18 threads=1: 10 warm runs | median total 10585.7 ms | median prove 10453.2 ms | all proofs verified: true
=== [5/16] 22:08:23  node  c1_16  threads=1  runs=30 ===
[node c1_16 t=1] cold 0/35  witness 106.1 ms  prove 12724.7 ms
[node c1_16 t=1] warmup 1/35  witness 97.8 ms  prove 12228.7 ms
[node c1_16 t=1] warmup 2/35  witness 106.2 ms  prove 12205.5 ms
[node c1_16 t=1] warmup 3/35  witness 102.8 ms  prove 12190.8 ms
[node c1_16 t=1] warmup 4/35  witness 101.6 ms  prove 12190.2 ms
[node c1_16 t=1] warmup 5/35  witness 101.4 ms  prove 12172.7 ms
[node c1_16 t=1] warm 6/35  witness 113.0 ms  prove 12185.6 ms
[node c1_16 t=1] warm 7/35  witness 103.3 ms  prove 12192.5 ms
[node c1_16 t=1] warm 8/35  witness 107.7 ms  prove 12188.6 ms
[node c1_16 t=1] warm 9/35  witness 107.8 ms  prove 12165.7 ms
[node c1_16 t=1] warm 10/35  witness 108.2 ms  prove 12169.3 ms
[node c1_16 t=1] warm 11/35  witness 107.1 ms  prove 12165.7 ms
[node c1_16 t=1] warm 12/35  witness 107.1 ms  prove 12245.3 ms
[node c1_16 t=1] warm 13/35  witness 107.8 ms  prove 12220.1 ms
[node c1_16 t=1] warm 14/35  witness 112.1 ms  prove 12242.9 ms
[node c1_16 t=1] warm 15/35  witness 113.8 ms  prove 12227.6 ms
[node c1_16 t=1] warm 16/35  witness 107.7 ms  prove 12237.0 ms
[node c1_16 t=1] warm 17/35  witness 106.6 ms  prove 12198.0 ms
[node c1_16 t=1] warm 18/35  witness 114.7 ms  prove 12225.4 ms
[node c1_16 t=1] warm 19/35  witness 106.6 ms  prove 12185.2 ms
[node c1_16 t=1] warm 20/35  witness 106.9 ms  prove 12178.5 ms
[node c1_16 t=1] warm 21/35  witness 106.8 ms  prove 12226.7 ms
[node c1_16 t=1] warm 22/35  witness 110.1 ms  prove 12223.5 ms
[node c1_16 t=1] warm 23/35  witness 107.4 ms  prove 12208.7 ms
[node c1_16 t=1] warm 24/35  witness 102.2 ms  prove 12189.7 ms
[node c1_16 t=1] warm 25/35  witness 111.1 ms  prove 12246.2 ms
[node c1_16 t=1] warm 26/35  witness 108.2 ms  prove 12182.7 ms
[node c1_16 t=1] warm 27/35  witness 102.1 ms  prove 12194.6 ms
[node c1_16 t=1] warm 28/35  witness 102.2 ms  prove 12194.4 ms
[node c1_16 t=1] warm 29/35  witness 112.7 ms  prove 12231.6 ms
[node c1_16 t=1] warm 30/35  witness 108.1 ms  prove 12209.4 ms
[node c1_16 t=1] warm 31/35  witness 114.3 ms  prove 12178.3 ms
[node c1_16 t=1] warm 32/35  witness 107.6 ms  prove 12191.2 ms
[node c1_16 t=1] warm 33/35  witness 102.1 ms  prove 12183.6 ms
[node c1_16 t=1] warm 34/35  witness 102.1 ms  prove 12260.6 ms
[node c1_16 t=1] warm 35/35  witness 108.3 ms  prove 12528.2 ms
node c1_16 threads=1: 30 warm runs | median total 12301.7 ms | median prove 12196.3 ms | all proofs verified: true
=== [6/16] 22:16:19  native  c1_18  threads=all  runs=10 ===
[native c1_18 t=all] cold 0/15  witness 133.9 ms  prove 4437.5 ms
[native c1_18 t=all] warmup 1/15  witness 133.4 ms  prove 4334.1 ms
[native c1_18 t=all] warmup 2/15  witness 133.4 ms  prove 4432.6 ms
[native c1_18 t=all] warmup 3/15  witness 133.7 ms  prove 4463.8 ms
[native c1_18 t=all] warmup 4/15  witness 133.1 ms  prove 4467.0 ms
[native c1_18 t=all] warmup 5/15  witness 133.1 ms  prove 4431.2 ms
[native c1_18 t=all] warm 6/15  witness 131.9 ms  prove 4447.8 ms
[native c1_18 t=all] warm 7/15  witness 132.1 ms  prove 4455.5 ms
[native c1_18 t=all] warm 8/15  witness 132.9 ms  prove 4466.0 ms
[native c1_18 t=all] warm 9/15  witness 132.3 ms  prove 4408.5 ms
[native c1_18 t=all] warm 10/15  witness 132.7 ms  prove 4469.8 ms
[native c1_18 t=all] warm 11/15  witness 133.1 ms  prove 4428.5 ms
[native c1_18 t=all] warm 12/15  witness 133.4 ms  prove 4452.9 ms
[native c1_18 t=all] warm 13/15  witness 132.0 ms  prove 4431.5 ms
[native c1_18 t=all] warm 14/15  witness 131.9 ms  prove 4456.4 ms
[native c1_18 t=all] warm 15/15  witness 132.5 ms  prove 4450.2 ms
native c1_18 threads=all: 10 warm runs | median total 4584.6 ms | median prove 4451.6 ms | all proofs verified: true
=== [7/16] 22:18:03  node  c1_14  threads=all  runs=30 ===
[node c1_14 t=all] cold 0/35  witness 64.5 ms  prove 2291.8 ms
[node c1_14 t=all] warmup 1/35  witness 58.3 ms  prove 1744.7 ms
[node c1_14 t=all] warmup 2/35  witness 53.5 ms  prove 1753.1 ms
[node c1_14 t=all] warmup 3/35  witness 52.0 ms  prove 1749.2 ms
[node c1_14 t=all] warmup 4/35  witness 54.8 ms  prove 1733.7 ms
[node c1_14 t=all] warmup 5/35  witness 52.6 ms  prove 1752.8 ms
[node c1_14 t=all] warm 6/35  witness 59.1 ms  prove 1754.5 ms
[node c1_14 t=all] warm 7/35  witness 58.1 ms  prove 1759.6 ms
[node c1_14 t=all] warm 8/35  witness 54.4 ms  prove 1775.6 ms
[node c1_14 t=all] warm 9/35  witness 54.8 ms  prove 1731.7 ms
[node c1_14 t=all] warm 10/35  witness 53.3 ms  prove 1723.6 ms
[node c1_14 t=all] warm 11/35  witness 53.8 ms  prove 1722.9 ms
[node c1_14 t=all] warm 12/35  witness 53.4 ms  prove 1743.9 ms
[node c1_14 t=all] warm 13/35  witness 70.5 ms  prove 1732.0 ms
[node c1_14 t=all] warm 14/35  witness 49.7 ms  prove 1740.4 ms
[node c1_14 t=all] warm 15/35  witness 56.0 ms  prove 1757.8 ms
[node c1_14 t=all] warm 16/35  witness 53.9 ms  prove 1745.4 ms
[node c1_14 t=all] warm 17/35  witness 58.4 ms  prove 1729.8 ms
[node c1_14 t=all] warm 18/35  witness 45.7 ms  prove 1742.7 ms
[node c1_14 t=all] warm 19/35  witness 58.9 ms  prove 1746.8 ms
[node c1_14 t=all] warm 20/35  witness 54.9 ms  prove 1727.1 ms
[node c1_14 t=all] warm 21/35  witness 65.0 ms  prove 1736.7 ms
[node c1_14 t=all] warm 22/35  witness 56.2 ms  prove 1722.0 ms
[node c1_14 t=all] warm 23/35  witness 57.6 ms  prove 1740.4 ms
[node c1_14 t=all] warm 24/35  witness 45.9 ms  prove 1738.0 ms
[node c1_14 t=all] warm 25/35  witness 51.1 ms  prove 1727.0 ms
[node c1_14 t=all] warm 26/35  witness 52.4 ms  prove 1725.3 ms
[node c1_14 t=all] warm 27/35  witness 54.6 ms  prove 1705.1 ms
[node c1_14 t=all] warm 28/35  witness 46.5 ms  prove 1733.4 ms
[node c1_14 t=all] warm 29/35  witness 62.2 ms  prove 1728.7 ms
[node c1_14 t=all] warm 30/35  witness 54.1 ms  prove 1745.8 ms
[node c1_14 t=all] warm 31/35  witness 55.5 ms  prove 1735.6 ms
[node c1_14 t=all] warm 32/35  witness 51.3 ms  prove 1735.3 ms
[node c1_14 t=all] warm 33/35  witness 66.8 ms  prove 1735.1 ms
[node c1_14 t=all] warm 34/35  witness 49.9 ms  prove 1724.6 ms
[node c1_14 t=all] warm 35/35  witness 55.6 ms  prove 1719.8 ms
node c1_14 threads=all: 30 warm runs | median total 1789.3 ms | median prove 1735.2 ms | all proofs verified: true
=== [8/16] 22:19:39  native  c1_16  threads=1  runs=30 ===
[native c1_16 t=1] cold 0/35  witness 37.6 ms  prove 2552.9 ms
[native c1_16 t=1] warmup 1/35  witness 38.0 ms  prove 2558.7 ms
[native c1_16 t=1] warmup 2/35  witness 38.6 ms  prove 2554.3 ms
[native c1_16 t=1] warmup 3/35  witness 37.7 ms  prove 2547.4 ms
[native c1_16 t=1] warmup 4/35  witness 38.3 ms  prove 2549.2 ms
[native c1_16 t=1] warmup 5/35  witness 38.2 ms  prove 2552.0 ms
[native c1_16 t=1] warm 6/35  witness 37.9 ms  prove 2553.9 ms
[native c1_16 t=1] warm 7/35  witness 37.3 ms  prove 2606.3 ms
[native c1_16 t=1] warm 8/35  witness 37.9 ms  prove 2551.1 ms
[native c1_16 t=1] warm 9/35  witness 38.1 ms  prove 2547.5 ms
[native c1_16 t=1] warm 10/35  witness 37.6 ms  prove 2552.8 ms
[native c1_16 t=1] warm 11/35  witness 37.9 ms  prove 2555.1 ms
[native c1_16 t=1] warm 12/35  witness 37.5 ms  prove 2548.1 ms
[native c1_16 t=1] warm 13/35  witness 37.6 ms  prove 2547.1 ms
[native c1_16 t=1] warm 14/35  witness 37.8 ms  prove 2553.1 ms
[native c1_16 t=1] warm 15/35  witness 38.3 ms  prove 2569.2 ms
[native c1_16 t=1] warm 16/35  witness 37.5 ms  prove 2550.1 ms
[native c1_16 t=1] warm 17/35  witness 37.8 ms  prove 2547.5 ms
[native c1_16 t=1] warm 18/35  witness 38.7 ms  prove 2550.6 ms
[native c1_16 t=1] warm 19/35  witness 37.9 ms  prove 2564.0 ms
[native c1_16 t=1] warm 20/35  witness 38.6 ms  prove 2551.9 ms
[native c1_16 t=1] warm 21/35  witness 37.4 ms  prove 2546.6 ms
[native c1_16 t=1] warm 22/35  witness 39.2 ms  prove 2562.3 ms
[native c1_16 t=1] warm 23/35  witness 38.1 ms  prove 2568.0 ms
[native c1_16 t=1] warm 24/35  witness 38.2 ms  prove 2551.7 ms
[native c1_16 t=1] warm 25/35  witness 37.8 ms  prove 2546.2 ms
[native c1_16 t=1] warm 26/35  witness 38.2 ms  prove 2566.5 ms
[native c1_16 t=1] warm 27/35  witness 37.6 ms  prove 2551.2 ms
[native c1_16 t=1] warm 28/35  witness 39.7 ms  prove 2552.6 ms
[native c1_16 t=1] warm 29/35  witness 38.0 ms  prove 2556.0 ms
[native c1_16 t=1] warm 30/35  witness 37.6 ms  prove 2552.3 ms
[native c1_16 t=1] warm 31/35  witness 38.3 ms  prove 2554.7 ms
[native c1_16 t=1] warm 32/35  witness 38.5 ms  prove 2551.0 ms
[native c1_16 t=1] warm 33/35  witness 38.4 ms  prove 2549.0 ms
[native c1_16 t=1] warm 34/35  witness 37.4 ms  prove 2603.6 ms
[native c1_16 t=1] warm 35/35  witness 39.2 ms  prove 2751.2 ms
native c1_16 threads=1: 30 warm runs | median total 2590.4 ms | median prove 2552.5 ms | all proofs verified: true
=== [9/16] 22:21:44  native  c1_14  threads=all  runs=30 ===
[native c1_14 t=all] cold 0/35  witness 13.4 ms  prove 300.7 ms
[native c1_14 t=all] warmup 1/35  witness 13.6 ms  prove 301.3 ms
[native c1_14 t=all] warmup 2/35  witness 13.0 ms  prove 301.0 ms
[native c1_14 t=all] warmup 3/35  witness 13.1 ms  prove 304.9 ms
[native c1_14 t=all] warmup 4/35  witness 13.8 ms  prove 300.0 ms
[native c1_14 t=all] warmup 5/35  witness 13.7 ms  prove 300.6 ms
[native c1_14 t=all] warm 6/35  witness 13.6 ms  prove 302.1 ms
[native c1_14 t=all] warm 7/35  witness 13.8 ms  prove 300.8 ms
[native c1_14 t=all] warm 8/35  witness 13.6 ms  prove 304.7 ms
[native c1_14 t=all] warm 9/35  witness 13.3 ms  prove 300.3 ms
[native c1_14 t=all] warm 10/35  witness 13.4 ms  prove 304.2 ms
[native c1_14 t=all] warm 11/35  witness 13.1 ms  prove 300.5 ms
[native c1_14 t=all] warm 12/35  witness 13.7 ms  prove 302.5 ms
[native c1_14 t=all] warm 13/35  witness 13.5 ms  prove 308.8 ms
[native c1_14 t=all] warm 14/35  witness 13.5 ms  prove 301.0 ms
[native c1_14 t=all] warm 15/35  witness 13.3 ms  prove 299.0 ms
[native c1_14 t=all] warm 16/35  witness 13.7 ms  prove 301.9 ms
[native c1_14 t=all] warm 17/35  witness 13.3 ms  prove 299.4 ms
[native c1_14 t=all] warm 18/35  witness 13.0 ms  prove 299.5 ms
[native c1_14 t=all] warm 19/35  witness 13.2 ms  prove 300.0 ms
[native c1_14 t=all] warm 20/35  witness 13.3 ms  prove 304.1 ms
[native c1_14 t=all] warm 21/35  witness 13.2 ms  prove 301.5 ms
[native c1_14 t=all] warm 22/35  witness 15.5 ms  prove 302.9 ms
[native c1_14 t=all] warm 23/35  witness 13.3 ms  prove 299.3 ms
[native c1_14 t=all] warm 24/35  witness 14.0 ms  prove 300.3 ms
[native c1_14 t=all] warm 25/35  witness 13.3 ms  prove 302.1 ms
[native c1_14 t=all] warm 26/35  witness 13.4 ms  prove 299.3 ms
[native c1_14 t=all] warm 27/35  witness 13.4 ms  prove 303.9 ms
[native c1_14 t=all] warm 28/35  witness 13.8 ms  prove 300.1 ms
[native c1_14 t=all] warm 29/35  witness 13.2 ms  prove 302.9 ms
[native c1_14 t=all] warm 30/35  witness 13.6 ms  prove 300.7 ms
[native c1_14 t=all] warm 31/35  witness 13.1 ms  prove 302.0 ms
[native c1_14 t=all] warm 32/35  witness 13.4 ms  prove 301.8 ms
[native c1_14 t=all] warm 33/35  witness 13.3 ms  prove 304.6 ms
[native c1_14 t=all] warm 34/35  witness 13.7 ms  prove 301.1 ms
[native c1_14 t=all] warm 35/35  witness 13.6 ms  prove 303.5 ms
native c1_14 threads=all: 30 warm runs | median total 315.0 ms | median prove 301.6 ms | all proofs verified: true
=== [10/16] 22:22:27  node  c1_18  threads=1  runs=10 ===
[node c1_18 t=1] cold 0/15  witness 313.2 ms  prove 43864.2 ms
[node c1_18 t=1] warmup 1/15  witness 312.7 ms  prove 43241.8 ms
[node c1_18 t=1] warmup 2/15  witness 305.6 ms  prove 43102.4 ms
[node c1_18 t=1] warmup 3/15  witness 321.7 ms  prove 43183.2 ms
[node c1_18 t=1] warmup 4/15  witness 315.3 ms  prove 43198.6 ms
[node c1_18 t=1] warmup 5/15  witness 326.7 ms  prove 43236.8 ms
[node c1_18 t=1] warm 6/15  witness 313.7 ms  prove 43144.7 ms
[node c1_18 t=1] warm 7/15  witness 326.0 ms  prove 43193.6 ms
[node c1_18 t=1] warm 8/15  witness 323.3 ms  prove 43624.3 ms
[node c1_18 t=1] warm 9/15  witness 319.2 ms  prove 43084.0 ms
[node c1_18 t=1] warm 10/15  witness 318.2 ms  prove 44128.5 ms
[node c1_18 t=1] warm 11/15  witness 332.8 ms  prove 43268.0 ms
[node c1_18 t=1] warm 12/15  witness 316.7 ms  prove 44712.7 ms
[node c1_18 t=1] warm 13/15  witness 329.5 ms  prove 44781.8 ms
[node c1_18 t=1] warm 14/15  witness 337.0 ms  prove 44777.2 ms
[node c1_18 t=1] warm 15/15  witness 346.5 ms  prove 44276.5 ms
node c1_18 threads=1: 10 warm runs | median total 44197.2 ms | median prove 43876.4 ms | all proofs verified: true
=== [11/16] 22:34:42  node  c1_18  threads=all  runs=10 ===
[node c1_18 t=all] cold 0/15  witness 313.6 ms  prove 22833.9 ms
[node c1_18 t=all] warmup 1/15  witness 312.5 ms  prove 21936.9 ms
[node c1_18 t=all] warmup 2/15  witness 295.7 ms  prove 21711.5 ms
[node c1_18 t=all] warmup 3/15  witness 299.4 ms  prove 21927.3 ms
[node c1_18 t=all] warmup 4/15  witness 317.6 ms  prove 21824.6 ms
[node c1_18 t=all] warmup 5/15  witness 317.3 ms  prove 22737.4 ms
[node c1_18 t=all] warm 6/15  witness 306.8 ms  prove 21449.1 ms
[node c1_18 t=all] warm 7/15  witness 295.9 ms  prove 21236.9 ms
[node c1_18 t=all] warm 8/15  witness 313.0 ms  prove 21834.3 ms
[node c1_18 t=all] warm 9/15  witness 322.3 ms  prove 21634.1 ms
[node c1_18 t=all] warm 10/15  witness 318.0 ms  prove 21776.4 ms
[node c1_18 t=all] warm 11/15  witness 314.6 ms  prove 21637.6 ms
[node c1_18 t=all] warm 12/15  witness 298.9 ms  prove 21592.2 ms
[node c1_18 t=all] warm 13/15  witness 304.9 ms  prove 21627.9 ms
[node c1_18 t=all] warm 14/15  witness 317.9 ms  prove 21790.7 ms
[node c1_18 t=all] warm 15/15  witness 334.9 ms  prove 21838.0 ms
node c1_18 threads=all: 10 warm runs | median total 21954.2 ms | median prove 21635.8 ms | all proofs verified: true
=== [12/16] 22:41:08  node  c1_12  threads=1  runs=30 ===
[node c1_12 t=1] cold 0/35  witness 67.2 ms  prove 1514.0 ms
[node c1_12 t=1] warmup 1/35  witness 40.1 ms  prove 1077.0 ms
[node c1_12 t=1] warmup 2/35  witness 41.6 ms  prove 1073.0 ms
[node c1_12 t=1] warmup 3/35  witness 36.4 ms  prove 1067.0 ms
[node c1_12 t=1] warmup 4/35  witness 36.5 ms  prove 1065.6 ms
[node c1_12 t=1] warmup 5/35  witness 34.2 ms  prove 1055.0 ms
[node c1_12 t=1] warm 6/35  witness 37.3 ms  prove 1054.6 ms
[node c1_12 t=1] warm 7/35  witness 34.9 ms  prove 1038.3 ms
[node c1_12 t=1] warm 8/35  witness 39.9 ms  prove 1066.2 ms
[node c1_12 t=1] warm 9/35  witness 40.0 ms  prove 1071.7 ms
[node c1_12 t=1] warm 10/35  witness 39.8 ms  prove 1061.6 ms
[node c1_12 t=1] warm 11/35  witness 39.5 ms  prove 1060.7 ms
[node c1_12 t=1] warm 12/35  witness 52.0 ms  prove 1053.9 ms
[node c1_12 t=1] warm 13/35  witness 39.2 ms  prove 1075.5 ms
[node c1_12 t=1] warm 14/35  witness 38.6 ms  prove 1028.1 ms
[node c1_12 t=1] warm 15/35  witness 31.9 ms  prove 1044.3 ms
[node c1_12 t=1] warm 16/35  witness 46.8 ms  prove 1029.8 ms
[node c1_12 t=1] warm 17/35  witness 38.6 ms  prove 1075.5 ms
[node c1_12 t=1] warm 18/35  witness 54.2 ms  prove 1066.7 ms
[node c1_12 t=1] warm 19/35  witness 33.1 ms  prove 1058.9 ms
[node c1_12 t=1] warm 20/35  witness 37.6 ms  prove 1049.4 ms
[node c1_12 t=1] warm 21/35  witness 40.4 ms  prove 1039.2 ms
[node c1_12 t=1] warm 22/35  witness 35.6 ms  prove 1023.2 ms
[node c1_12 t=1] warm 23/35  witness 40.5 ms  prove 1050.2 ms
[node c1_12 t=1] warm 24/35  witness 37.6 ms  prove 1036.5 ms
[node c1_12 t=1] warm 25/35  witness 31.4 ms  prove 1019.2 ms
[node c1_12 t=1] warm 26/35  witness 37.1 ms  prove 1019.0 ms
[node c1_12 t=1] warm 27/35  witness 38.7 ms  prove 1071.6 ms
[node c1_12 t=1] warm 28/35  witness 37.7 ms  prove 1046.4 ms
[node c1_12 t=1] warm 29/35  witness 38.4 ms  prove 1034.4 ms
[node c1_12 t=1] warm 30/35  witness 37.3 ms  prove 1012.0 ms
[node c1_12 t=1] warm 31/35  witness 36.9 ms  prove 1039.2 ms
[node c1_12 t=1] warm 32/35  witness 36.4 ms  prove 1058.2 ms
[node c1_12 t=1] warm 33/35  witness 36.2 ms  prove 1018.0 ms
[node c1_12 t=1] warm 34/35  witness 38.3 ms  prove 1040.9 ms
[node c1_12 t=1] warm 35/35  witness 38.1 ms  prove 1044.4 ms
node c1_12 threads=1: 30 warm runs | median total 1083.3 ms | median prove 1045.4 ms | all proofs verified: true
=== [13/16] 22:42:19  node  c1_16  threads=all  runs=30 ===
[node c1_16 t=all] cold 0/35  witness 102.6 ms  prove 6555.2 ms
[node c1_16 t=all] warmup 1/35  witness 110.6 ms  prove 5971.5 ms
[node c1_16 t=all] warmup 2/35  witness 110.3 ms  prove 6043.3 ms
[node c1_16 t=all] warmup 3/35  witness 102.3 ms  prove 5930.3 ms
[node c1_16 t=all] warmup 4/35  witness 108.5 ms  prove 6007.5 ms
[node c1_16 t=all] warmup 5/35  witness 103.0 ms  prove 5939.6 ms
[node c1_16 t=all] warm 6/35  witness 105.8 ms  prove 5953.6 ms
[node c1_16 t=all] warm 7/35  witness 106.0 ms  prove 5955.5 ms
[node c1_16 t=all] warm 8/35  witness 112.5 ms  prove 5960.8 ms
[node c1_16 t=all] warm 9/35  witness 103.8 ms  prove 5971.3 ms
[node c1_16 t=all] warm 10/35  witness 123.2 ms  prove 6015.2 ms
[node c1_16 t=all] warm 11/35  witness 100.1 ms  prove 5957.9 ms
[node c1_16 t=all] warm 12/35  witness 108.9 ms  prove 5965.9 ms
[node c1_16 t=all] warm 13/35  witness 115.4 ms  prove 5946.8 ms
[node c1_16 t=all] warm 14/35  witness 108.5 ms  prove 5957.0 ms
[node c1_16 t=all] warm 15/35  witness 116.6 ms  prove 5950.5 ms
[node c1_16 t=all] warm 16/35  witness 111.0 ms  prove 5947.5 ms
[node c1_16 t=all] warm 17/35  witness 116.9 ms  prove 5959.2 ms
[node c1_16 t=all] warm 18/35  witness 97.0 ms  prove 5963.7 ms
[node c1_16 t=all] warm 19/35  witness 117.5 ms  prove 5969.7 ms
[node c1_16 t=all] warm 20/35  witness 107.2 ms  prove 5964.1 ms
[node c1_16 t=all] warm 21/35  witness 105.3 ms  prove 5928.4 ms
[node c1_16 t=all] warm 22/35  witness 105.3 ms  prove 5947.5 ms
[node c1_16 t=all] warm 23/35  witness 113.2 ms  prove 5960.3 ms
[node c1_16 t=all] warm 24/35  witness 105.1 ms  prove 5995.5 ms
[node c1_16 t=all] warm 25/35  witness 99.2 ms  prove 5951.6 ms
[node c1_16 t=all] warm 26/35  witness 112.3 ms  prove 5992.4 ms
[node c1_16 t=all] warm 27/35  witness 119.1 ms  prove 5975.5 ms
[node c1_16 t=all] warm 28/35  witness 103.5 ms  prove 6008.1 ms
[node c1_16 t=all] warm 29/35  witness 113.1 ms  prove 5987.0 ms
[node c1_16 t=all] warm 30/35  witness 122.1 ms  prove 5959.2 ms
[node c1_16 t=all] warm 31/35  witness 108.7 ms  prove 5994.7 ms
[node c1_16 t=all] warm 32/35  witness 110.5 ms  prove 5952.4 ms
[node c1_16 t=all] warm 33/35  witness 98.5 ms  prove 5982.9 ms
[node c1_16 t=all] warm 34/35  witness 94.9 ms  prove 5970.3 ms
[node c1_16 t=all] warm 35/35  witness 110.9 ms  prove 5972.5 ms
node c1_16 threads=all: 30 warm runs | median total 6073.4 ms | median prove 5962.2 ms | all proofs verified: true
=== [14/16] 22:46:29  node  c1_12  threads=all  runs=30 ===
[node c1_12 t=all] cold 0/35  witness 40.8 ms  prove 1046.9 ms
[node c1_12 t=all] warmup 1/35  witness 38.4 ms  prove 516.4 ms
[node c1_12 t=all] warmup 2/35  witness 42.7 ms  prove 516.2 ms
[node c1_12 t=all] warmup 3/35  witness 37.8 ms  prove 516.3 ms
[node c1_12 t=all] warmup 4/35  witness 44.7 ms  prove 507.2 ms
[node c1_12 t=all] warmup 5/35  witness 39.7 ms  prove 516.4 ms
[node c1_12 t=all] warm 6/35  witness 37.2 ms  prove 522.3 ms
[node c1_12 t=all] warm 7/35  witness 36.4 ms  prove 519.4 ms
[node c1_12 t=all] warm 8/35  witness 38.5 ms  prove 508.8 ms
[node c1_12 t=all] warm 9/35  witness 36.2 ms  prove 504.8 ms
[node c1_12 t=all] warm 10/35  witness 37.2 ms  prove 503.7 ms
[node c1_12 t=all] warm 11/35  witness 35.8 ms  prove 503.9 ms
[node c1_12 t=all] warm 12/35  witness 36.2 ms  prove 508.1 ms
[node c1_12 t=all] warm 13/35  witness 35.6 ms  prove 512.9 ms
[node c1_12 t=all] warm 14/35  witness 50.5 ms  prove 500.1 ms
[node c1_12 t=all] warm 15/35  witness 37.9 ms  prove 501.7 ms
[node c1_12 t=all] warm 16/35  witness 36.6 ms  prove 506.1 ms
[node c1_12 t=all] warm 17/35  witness 37.4 ms  prove 500.5 ms
[node c1_12 t=all] warm 18/35  witness 45.8 ms  prove 502.8 ms
[node c1_12 t=all] warm 19/35  witness 35.3 ms  prove 501.7 ms
[node c1_12 t=all] warm 20/35  witness 36.0 ms  prove 501.1 ms
[node c1_12 t=all] warm 21/35  witness 37.8 ms  prove 514.3 ms
[node c1_12 t=all] warm 22/35  witness 42.5 ms  prove 502.5 ms
[node c1_12 t=all] warm 23/35  witness 36.5 ms  prove 502.2 ms
[node c1_12 t=all] warm 24/35  witness 37.9 ms  prove 503.1 ms
[node c1_12 t=all] warm 25/35  witness 37.7 ms  prove 513.2 ms
[node c1_12 t=all] warm 26/35  witness 36.8 ms  prove 506.2 ms
[node c1_12 t=all] warm 27/35  witness 36.1 ms  prove 518.5 ms
[node c1_12 t=all] warm 28/35  witness 53.6 ms  prove 506.7 ms
[node c1_12 t=all] warm 29/35  witness 36.5 ms  prove 504.9 ms
[node c1_12 t=all] warm 30/35  witness 40.4 ms  prove 504.4 ms
[node c1_12 t=all] warm 31/35  witness 35.9 ms  prove 508.6 ms
[node c1_12 t=all] warm 32/35  witness 36.1 ms  prove 504.8 ms
[node c1_12 t=all] warm 33/35  witness 37.7 ms  prove 513.2 ms
[node c1_12 t=all] warm 34/35  witness 36.8 ms  prove 508.1 ms
[node c1_12 t=all] warm 35/35  witness 36.6 ms  prove 501.2 ms
node c1_12 threads=all: 30 warm runs | median total 544.4 ms | median prove 504.9 ms | all proofs verified: true
=== [15/16] 22:47:20  native  c1_16  threads=all  runs=30 ===
[native c1_16 t=all] cold 0/35  witness 37.3 ms  prove 1026.8 ms
[native c1_16 t=all] warmup 1/35  witness 38.5 ms  prove 1031.4 ms
[native c1_16 t=all] warmup 2/35  witness 38.0 ms  prove 1035.9 ms
[native c1_16 t=all] warmup 3/35  witness 38.1 ms  prove 1032.2 ms
[native c1_16 t=all] warmup 4/35  witness 38.3 ms  prove 1047.2 ms
[native c1_16 t=all] warmup 5/35  witness 37.6 ms  prove 1031.3 ms
[native c1_16 t=all] warm 6/35  witness 37.7 ms  prove 1033.1 ms
[native c1_16 t=all] warm 7/35  witness 38.4 ms  prove 1037.3 ms
[native c1_16 t=all] warm 8/35  witness 38.6 ms  prove 1037.9 ms
[native c1_16 t=all] warm 9/35  witness 38.1 ms  prove 1034.6 ms
[native c1_16 t=all] warm 10/35  witness 37.7 ms  prove 1037.1 ms
[native c1_16 t=all] warm 11/35  witness 37.6 ms  prove 1035.1 ms
[native c1_16 t=all] warm 12/35  witness 37.9 ms  prove 1036.9 ms
[native c1_16 t=all] warm 13/35  witness 37.7 ms  prove 1035.2 ms
[native c1_16 t=all] warm 14/35  witness 38.0 ms  prove 1033.1 ms
[native c1_16 t=all] warm 15/35  witness 38.9 ms  prove 1045.2 ms
[native c1_16 t=all] warm 16/35  witness 37.9 ms  prove 1034.4 ms
[native c1_16 t=all] warm 17/35  witness 38.5 ms  prove 1033.0 ms
[native c1_16 t=all] warm 18/35  witness 38.1 ms  prove 1036.0 ms
[native c1_16 t=all] warm 19/35  witness 37.7 ms  prove 1035.3 ms
[native c1_16 t=all] warm 20/35  witness 38.4 ms  prove 1030.1 ms
[native c1_16 t=all] warm 21/35  witness 38.6 ms  prove 1034.1 ms
[native c1_16 t=all] warm 22/35  witness 38.0 ms  prove 1034.2 ms
[native c1_16 t=all] warm 23/35  witness 38.2 ms  prove 1034.5 ms
[native c1_16 t=all] warm 24/35  witness 39.8 ms  prove 1033.2 ms
[native c1_16 t=all] warm 25/35  witness 37.4 ms  prove 1026.1 ms
[native c1_16 t=all] warm 26/35  witness 38.0 ms  prove 1035.1 ms
[native c1_16 t=all] warm 27/35  witness 37.9 ms  prove 1032.7 ms
[native c1_16 t=all] warm 28/35  witness 38.2 ms  prove 1038.3 ms
[native c1_16 t=all] warm 29/35  witness 38.1 ms  prove 1037.8 ms
[native c1_16 t=all] warm 30/35  witness 37.7 ms  prove 1034.0 ms
[native c1_16 t=all] warm 31/35  witness 37.4 ms  prove 1031.3 ms
[native c1_16 t=all] warm 32/35  witness 38.0 ms  prove 1035.5 ms
[native c1_16 t=all] warm 33/35  witness 38.0 ms  prove 1050.7 ms
[native c1_16 t=all] warm 34/35  witness 37.6 ms  prove 1036.1 ms
[native c1_16 t=all] warm 35/35  witness 37.8 ms  prove 1035.9 ms
native c1_16 threads=all: 30 warm runs | median total 1073.0 ms | median prove 1035.1 ms | all proofs verified: true
=== [16/16] 22:48:31  native  c1_12  threads=1  runs=30 ===
[native c1_12 t=1] cold 0/35  witness 7.8 ms  prove 204.9 ms
[native c1_12 t=1] warmup 1/35  witness 7.8 ms  prove 208.1 ms
[native c1_12 t=1] warmup 2/35  witness 7.9 ms  prove 205.3 ms
[native c1_12 t=1] warmup 3/35  witness 7.4 ms  prove 206.6 ms
[native c1_12 t=1] warmup 4/35  witness 7.9 ms  prove 207.4 ms
[native c1_12 t=1] warmup 5/35  witness 7.3 ms  prove 205.4 ms
[native c1_12 t=1] warm 6/35  witness 7.2 ms  prove 205.2 ms
[native c1_12 t=1] warm 7/35  witness 7.9 ms  prove 213.7 ms
[native c1_12 t=1] warm 8/35  witness 7.5 ms  prove 205.5 ms
[native c1_12 t=1] warm 9/35  witness 7.6 ms  prove 205.3 ms
[native c1_12 t=1] warm 10/35  witness 7.1 ms  prove 207.8 ms
[native c1_12 t=1] warm 11/35  witness 7.6 ms  prove 205.2 ms
[native c1_12 t=1] warm 12/35  witness 7.2 ms  prove 206.8 ms
[native c1_12 t=1] warm 13/35  witness 7.3 ms  prove 208.3 ms
[native c1_12 t=1] warm 14/35  witness 8.1 ms  prove 205.7 ms
[native c1_12 t=1] warm 15/35  witness 7.2 ms  prove 210.0 ms
[native c1_12 t=1] warm 16/35  witness 7.0 ms  prove 206.6 ms
[native c1_12 t=1] warm 17/35  witness 7.7 ms  prove 205.3 ms
[native c1_12 t=1] warm 18/35  witness 7.3 ms  prove 207.9 ms
[native c1_12 t=1] warm 19/35  witness 7.4 ms  prove 206.3 ms
[native c1_12 t=1] warm 20/35  witness 7.5 ms  prove 205.2 ms
[native c1_12 t=1] warm 21/35  witness 7.1 ms  prove 207.7 ms
[native c1_12 t=1] warm 22/35  witness 7.2 ms  prove 207.2 ms
[native c1_12 t=1] warm 23/35  witness 7.4 ms  prove 205.7 ms
[native c1_12 t=1] warm 24/35  witness 7.5 ms  prove 206.7 ms
[native c1_12 t=1] warm 25/35  witness 7.1 ms  prove 206.8 ms
[native c1_12 t=1] warm 26/35  witness 7.3 ms  prove 206.0 ms
[native c1_12 t=1] warm 27/35  witness 7.1 ms  prove 207.8 ms
[native c1_12 t=1] warm 28/35  witness 7.2 ms  prove 205.8 ms
[native c1_12 t=1] warm 29/35  witness 7.3 ms  prove 206.3 ms
[native c1_12 t=1] warm 30/35  witness 7.2 ms  prove 205.5 ms
[native c1_12 t=1] warm 31/35  witness 7.0 ms  prove 206.0 ms
[native c1_12 t=1] warm 32/35  witness 7.5 ms  prove 207.7 ms
[native c1_12 t=1] warm 33/35  witness 7.3 ms  prove 207.0 ms
[native c1_12 t=1] warm 34/35  witness 7.2 ms  prove 206.5 ms
[native c1_12 t=1] warm 35/35  witness 7.2 ms  prove 207.0 ms
native c1_12 threads=1: 30 warm runs | median total 213.8 ms | median prove 206.5 ms | all proofs verified: true
All done 22:49:10
